// Jest Snapshot v1, https://goo.gl/fbAQLP

exports[`containers/Dashboard renders a Loading component when isLoading is true 1`] = `
<div
  className="mdc-card"
  style={
    Object {
      "margin": "auto",
      "width": "512px",
    }
  }
>
  <section
    className="mdc-card__primary"
  >
    
    <h1
      className="mdc-card__title"
    >
      Processing
    </h1>
    
  </section>
  <section
    className="mdc-card__supporting-text"
  >
    Please wait ...
  </section>
  <section
    className="mdc-card__actions"
  />
</div>
`;

exports[`containers/Dashboard renders a Loading component when no metrics 1`] = `
<div
  className="mdc-card"
  style={
    Object {
      "margin": "auto",
      "width": "512px",
    }
  }
>
  <section
    className="mdc-card__primary"
  >
    
    <h1
      className="mdc-card__title"
    >
      Processing
    </h1>
    
  </section>
  <section
    className="mdc-card__supporting-text"
  >
    Please wait ...
  </section>
  <section
    className="mdc-card__actions"
  />
</div>
`;

exports[`containers/Dashboard renders a Loading component when user is not signed in 1`] = `
<div>
  You need to sign in...
</div>
`;

exports[`containers/Dashboard renders and update correctly 1`] = `
<div
  className="mdl-layout__content mdl-color--grey-100"
>
  <div
    className="mdc-layout-grid"
  >
    <div
      className="mdc-layout-grid__inner"
    >
      <div
        className="mdl-color--white mdc-elevation--z1 mdc-layout-grid__cell mdc-layout-grid__cell--span-12"
      >
        <div
          className="mdc-layout-grid"
        >
          <div
            className="mdc-layout-grid__inner"
          >
            <div
              className="mdc-layout-grid__cell mdc-layout-grid__cell--span-12"
            >
              <h2>
                Key metrics
              </h2>
            </div>
          </div>
          <div
            className="mdc-layout-grid__inner"
          >
            <div
              className="mdc-layout-grid__cell mdc-layout-grid__cell--span-4"
            >
              <div
                style={
                  Object {
                    "background": "#1a237e",
                    "color": "white",
                    "display": "flex",
                    "padding": "24px",
                    "textAlign": "right",
                  }
                }
              >
                <i
                  className="material-icons"
                  style={
                    Object {
                      "fontSize": "48px",
                      "textAlign": "left",
                      "width": "30%",
                    }
                  }
                >
                  perm_identity
                </i>
                <span
                  style={
                    Object {
                      "textAlign": "right",
                      "width": "70%",
                    }
                  }
                >
                  <span
                    style={
                      Object {
                        "color": "white",
                        "fontSize": "34px",
                        "fontWeight": "500",
                        "lineHeight": "1.1",
                      }
                    }
                  >
                    123
                  </span>
                  <br />
                  <span
                    style={
                      Object {
                        "color": "white",
                        "fontSize": "16px",
                        "fontWeight": "400",
                        "lineHeight": "1.1",
                        "padding": "60px 0",
                      }
                    }
                  >
                    users
                  </span>
                </span>
              </div>
            </div>
            <div
              className="mdc-layout-grid__cell mdc-layout-grid__cell--span-4"
            >
              <div
                style={
                  Object {
                    "background": "#f57f17",
                    "color": "white",
                    "display": "flex",
                    "padding": "24px",
                    "textAlign": "right",
                  }
                }
              >
                <i
                  className="material-icons"
                  style={
                    Object {
                      "fontSize": "48px",
                      "textAlign": "left",
                      "width": "30%",
                    }
                  }
                >
                  chat
                </i>
                <span
                  style={
                    Object {
                      "textAlign": "right",
                      "width": "70%",
                    }
                  }
                >
                  <span
                    style={
                      Object {
                        "color": "white",
                        "fontSize": "34px",
                        "fontWeight": "500",
                        "lineHeight": "1.1",
                      }
                    }
                  >
                    1200
                  </span>
                  <br />
                  <span
                    style={
                      Object {
                        "color": "white",
                        "fontSize": "16px",
                        "fontWeight": "400",
                        "lineHeight": "1.1",
                        "padding": "60px 0",
                      }
                    }
                  >
                    conversations
                  </span>
                </span>
              </div>
            </div>
            <div
              className="mdc-layout-grid__cell mdc-layout-grid__cell--span-4"
            >
              <div
                style={
                  Object {
                    "background": "#827717",
                    "color": "white",
                    "display": "flex",
                    "padding": "24px",
                    "textAlign": "right",
                  }
                }
              >
                <i
                  className="material-icons"
                  style={
                    Object {
                      "fontSize": "48px",
                      "textAlign": "left",
                      "width": "30%",
                    }
                  }
                >
                  forum
                </i>
                <span
                  style={
                    Object {
                      "overflow": "hidden",
                      "textAlign": "right",
                      "width": "70%",
                    }
                  }
                >
                  <span
                    style={
                      Object {
                        "color": "white",
                        "fontSize": "34px",
                        "fontWeight": "500",
                        "lineHeight": "1.1",
                      }
                    }
                  >
                    4
                  </span>
                  <br />
                  <span
                    style={
                      Object {
                        "color": "white",
                        "fontSize": "16px",
                        "fontWeight": "400",
                        "lineHeight": "1.1",
                        "padding": "60px 0",
                      }
                    }
                  >
                    messages/conversations
                  </span>
                </span>
              </div>
            </div>
          </div>
        </div>
      </div>
    </div>
    <div
      className="mdc-layout-grid__inner"
    >
      <div
        className="mdl-color--white mdc-elevation--z1 mdc-layout-grid__cell mdc-layout-grid__cell--span-12"
        style={
          Object {
            "marginTop": "24px",
          }
        }
      >
        <div
          className="mdc-layout-grid"
        >
          <div
            className="mdc-layout-grid__inner"
          >
            <div
              className="mdc-layout-grid__cell mdc-layout-grid__cell--span-12"
            >
              <h2>
                Platform metrics
              </h2>
            </div>
          </div>
          <div
            className="mdc-layout-grid__inner"
          >
            <div
              className="mdc-layout-grid__cell mdc-layout-grid__cell--span-4"
            >
              <div
                style={
                  Object {
                    "background": "#4a148c",
                    "color": "white",
                    "display": "flex",
                    "padding": "24px",
                    "textAlign": "right",
                  }
                }
              >
                <i
                  className="material-icons"
                  style={
                    Object {
                      "fontSize": "48px",
                      "textAlign": "left",
                      "width": "30%",
                    }
                  }
                >
                  hourglass_empty
                </i>
                <span
                  style={
                    Object {
                      "textAlign": "right",
                      "width": "70%",
                    }
                  }
                >
                  <span
                    style={
                      Object {
                        "color": "white",
                        "fontSize": "34px",
                        "fontWeight": "500",
                        "lineHeight": "1.1",
                      }
                    }
                  >
                    5000
                    ms
                  </span>
                  <br />
                  <span
                    style={
                      Object {
                        "color": "white",
                        "fontSize": "16px",
                        "fontWeight": "400",
                        "lineHeight": "1.1",
                        "padding": "60px 0",
                      }
                    }
                  >
                    session duration
                  </span>
                </span>
              </div>
            </div>
            <div
              className="mdc-layout-grid__cell mdc-layout-grid__cell--span-4"
            >
              <div
                style={
                  Object {
                    "background": "#004d40",
                    "color": "white",
                    "display": "flex",
                    "padding": "24px",
                    "textAlign": "right",
                  }
                }
              >
                <i
                  className="material-icons"
                  style={
                    Object {
                      "fontSize": "48px",
                      "textAlign": "left",
                      "width": "30%",
                    }
                  }
                >
                  error
                </i>
                <span
                  style={
                    Object {
                      "textAlign": "right",
                      "width": "70%",
                    }
                  }
                >
                  <span
                    style={
                      Object {
                        "color": "white",
                        "fontSize": "34px",
                        "fontWeight": "500",
                        "lineHeight": "1.1",
                      }
                    }
                  >
                    23.01
                    %
                  </span>
                  <br />
                  <span
                    style={
                      Object {
                        "color": "white",
                        "fontSize": "16px",
                        "fontWeight": "400",
                        "lineHeight": "1.1",
                        "padding": "60px 0",
                      }
                    }
                  >
                    errors rate
                  </span>
                </span>
              </div>
            </div>
            <div
              className="mdc-layout-grid__cell mdc-layout-grid__cell--span-4"
            >
              <div
                style={
                  Object {
                    "background": "#bf360c",
                    "color": "white",
                    "display": "flex",
                    "padding": "24px",
                    "textAlign": "right",
                  }
                }
              >
                <i
                  className="material-icons"
                  style={
                    Object {
                      "fontSize": "48px",
                      "textAlign": "left",
                      "width": "30%",
                    }
                  }
                >
                  grade
                </i>
                <span
                  style={
                    Object {
                      "textAlign": "right",
                      "width": "70%",
                    }
                  }
                >
                  <span
                    style={
                      Object {
                        "color": "white",
                        "fontSize": "34px",
                        "fontWeight": "500",
                        "lineHeight": "1.1",
                      }
                    }
                  >
                    40.22
                    ms
                  </span>
                  <br />
                  <span
                    style={
                      Object {
                        "color": "white",
                        "fontSize": "16px",
                        "fontWeight": "400",
                        "lineHeight": "1.1",
                        "padding": "60px 0",
                      }
                    }
                  >
                    response time
                  </span>
                </span>
              </div>
            </div>
          </div>
        </div>
      </div>
    </div>
  </div>
</div>
`;
