// Jest Snapshot v1, https://goo.gl/fbAQLP

exports[`components/messagingsList renders correctly 1`] = `
<div
  className="zui-sublist"
>
  <div
    className="zui-subheader"
  >
    <h4>
      foo
    </h4>
  </div>
  <ul
    className="mdc-list"
  >
    <li
      className="selectableListItem switchListItem mdc-list-item"
      onClick={[Function]}
      onKeyPress={[Function]}
      role="menuitem"
      style={
        Object {
          "height": "40px",
        }
      }
    >
      <span
        className="mdc-list-item__text"
      >
        foo
        <span
          className="mdc-list-item__secondary-text"
        >
          click to setup
        </span>
      </span>
      <span
        className="mdc-list-item__meta"
        onClick={null}
        onKeyUp={[Function]}
        role="button"
        tabIndex="0"
      >
        <div
          className="mdc-switch"
          onClick={[Function]}
        >
          <div
            className="mdc-switch__track"
          />
          <div
            className="mdc-switch__thumb-underlay"
          >
            <div
              className="mdc-switch__thumb"
            >
              <input
                checked={false}
                className="mdc-switch__native-control"
                disabled={false}
                id="unique-component-id"
                role="switch"
                type="checkbox"
              />
            </div>
          </div>
        </div>
      </span>
    </li>
    <li
      className="selectableListItem switchListItem mdc-list-item"
      onClick={[Function]}
      onKeyPress={[Function]}
      role="menuitem"
      style={
        Object {
          "height": "40px",
        }
      }
    >
      <span
        className="mdc-list-item__text"
      >
        bar
        <span
          className="mdc-list-item__secondary-text"
        >
          click to setup
        </span>
      </span>
      <span
        className="mdc-list-item__meta"
        onClick={null}
        onKeyUp={[Function]}
        role="button"
        tabIndex="0"
      >
        <div
          className="mdc-switch"
          onClick={[Function]}
        >
          <div
            className="mdc-switch__track"
          />
          <div
            className="mdc-switch__thumb-underlay"
          >
            <div
              className="mdc-switch__thumb"
            >
              <input
                checked={false}
                className="mdc-switch__native-control"
                disabled={false}
                id="unique-component-id"
                role="switch"
                type="checkbox"
              />
            </div>
          </div>
        </div>
      </span>
    </li>
    <li
      className="selectableListItem switchListItem mdc-list-item"
      onClick={[Function]}
      onKeyPress={[Function]}
      role="menuitem"
      style={
        Object {
          "height": "40px",
        }
      }
    >
      <span
        className="mdc-list-item__text"
      >
        title
        <span
          className="mdc-list-item__secondary-text"
        >
          click to setup
        </span>
      </span>
      <span
        className="mdc-list-item__meta"
        onClick={null}
        onKeyUp={[Function]}
        role="button"
        tabIndex="0"
      >
        <div
          className="mdc-switch"
          onClick={[Function]}
        >
          <div
            className="mdc-switch__track"
          />
          <div
            className="mdc-switch__thumb-underlay"
          >
            <div
              className="mdc-switch__thumb"
            >
              <input
                checked={false}
                className="mdc-switch__native-control"
                disabled={false}
                id="unique-component-id"
                role="switch"
                type="checkbox"
              />
            </div>
          </div>
        </div>
      </span>
    </li>
  </ul>
</div>
`;
