// Jest Snapshot v1, https://goo.gl/fbAQLP

exports[`components/messagingsList renders correctly 1`] = `
<ul
  className="opla-messaging_list mdc-list"
>
  <li
    className="selectableListItem switchListItem mdc-list-item"
    onClick={[Function]}
    onKeyPress={[Function]}
    role="menuitem"
  >
    <i
      aria-hidden="true"
      className="mdc-list-item__graphic material-icons"
    >
      favorite
    </i>
    <span
      className="mdc-list-item__text"
    >
      foo
      <span
        className="mdc-list-item__secondary-text"
      >
        click to setup
      </span>
    </span>
    <span
      className="mdc-list-item__meta"
      onClick={null}
      onKeyUp={[Function]}
      role="button"
      tabIndex="0"
    >
      <div
        className="mdc-switch"
        onClick={[Function]}
      >
        <div
          className="mdc-switch__track"
        />
        <div
          className="mdc-switch__thumb-underlay"
        >
          <div
            className="mdc-switch__thumb"
          >
            <input
              checked={false}
              className="mdc-switch__native-control"
              disabled={false}
              id="unique-component-id"
              role="switch"
              type="checkbox"
            />
          </div>
        </div>
      </div>
    </span>
  </li>
  <li
    className="selectableListItem switchListItem mdc-list-item"
    onClick={[Function]}
    onKeyPress={[Function]}
    role="menuitem"
  >
    <i
      aria-hidden="true"
      className="mdc-list-item__graphic material-icons"
    >
      foobar
    </i>
    <span
      className="mdc-list-item__text"
    >
      bar
      <span
        className="mdc-list-item__secondary-text"
      >
        click to setup
      </span>
    </span>
    <span
      className="mdc-list-item__meta"
      onClick={null}
      onKeyUp={[Function]}
      role="button"
      tabIndex="0"
    >
      <div
        className="mdc-switch"
        onClick={[Function]}
      >
        <div
          className="mdc-switch__track"
        />
        <div
          className="mdc-switch__thumb-underlay"
        >
          <div
            className="mdc-switch__thumb"
          >
            <input
              checked={false}
              className="mdc-switch__native-control"
              disabled={false}
              id="unique-component-id"
              role="switch"
              type="checkbox"
            />
          </div>
        </div>
      </div>
    </span>
  </li>
  <li
    className="selectableListItem switchListItem mdc-list-item"
    onClick={[Function]}
    onKeyPress={[Function]}
    role="menuitem"
  >
    <span
      className="mdc-list-item__text"
    >
      title
      <span
        className="mdc-list-item__secondary-text"
      >
        click to setup
      </span>
    </span>
    <span
      className="mdc-list-item__meta"
      onClick={null}
      onKeyUp={[Function]}
      role="button"
      tabIndex="0"
    >
      <div
        className="mdc-switch"
        onClick={[Function]}
      >
        <div
          className="mdc-switch__track"
        />
        <div
          className="mdc-switch__thumb-underlay"
        >
          <div
            className="mdc-switch__thumb"
          >
            <input
              checked={false}
              className="mdc-switch__native-control"
              disabled={false}
              id="unique-component-id"
              role="switch"
              type="checkbox"
            />
          </div>
        </div>
      </div>
    </span>
  </li>
</ul>
`;
